#-----------------------------------------------------------
# Webtalk v2018.2 (64-bit)
# SW Build 2258646 on Thu Jun 14 20:03:12 MDT 2018
# IP Build 2256618 on Thu Jun 14 22:10:49 MDT 2018
# Start of session at: Tue Mar  5 17:31:25 2019
# Process ID: 4588
# Current directory: C:/Users/ZZ/Documents/Xilinx_Ethernet_1G_ZZ/Ethernet_1G_ZZ.sim/sim_1/impl/timing/xsim
# Command line: wbtcv.exe -mode batch -source C:/Users/ZZ/Documents/Xilinx_Ethernet_1G_ZZ/Ethernet_1G_ZZ.sim/sim_1/impl/timing/xsim/xsim.dir/testbench_top_time_impl/webtalk/xsim_webtalk.tcl -notrace
# Log file: C:/Users/ZZ/Documents/Xilinx_Ethernet_1G_ZZ/Ethernet_1G_ZZ.sim/sim_1/impl/timing/xsim/webtalk.log
# Journal file: C:/Users/ZZ/Documents/Xilinx_Ethernet_1G_ZZ/Ethernet_1G_ZZ.sim/sim_1/impl/timing/xsim\webtalk.jou
#-----------------------------------------------------------
source C:/Users/ZZ/Documents/Xilinx_Ethernet_1G_ZZ/Ethernet_1G_ZZ.sim/sim_1/impl/timing/xsim/xsim.dir/testbench_top_time_impl/webtalk/xsim_webtalk.tcl -notrace
